[2026-09-24 13:14:41,810] 225 main -INFO -Home page accessed...
[2026-09-24 13:15:08,700] 2125 main -ERROR -Cashfree pharmacy order creation failed: 2 validation errors for CustomerDetails
customer_id
  String should have at least 3 characters [type=string_too_short, input_value='1', input_type=str]
    For further information visit https://errors.pydantic.dev/2.13/v/string_too_short
customer_phone
  String should have at most 10 characters [type=string_too_long, input_value='06378066951', input_type=str]
    For further information visit https://errors.pydantic.dev/2.13/v/string_too_long
Traceback (most recent call last):
  File "C:\Users\khush\OneDrive\Desktop\workshop\main.py", line 2109, in pharmacy_place_order
    cashfree_order = create_cashfree_order(
                     ^^^^^^^^^^^^^^^^^^^^^^
  File "C:\Users\khush\OneDrive\Desktop\workshop\src\payment\cashfree_service.py", line 89, in create_cashfree_order
    customer_details = CustomerDetails(
                       ^^^^^^^^^^^^^^^^
  File "C:\Users\khush\OneDrive\Desktop\workshop\venv\Lib\site-packages\pydantic\main.py", line 263, in __init__
    validated_self = self.__pydantic_validator__.validate_python(data, self_instance=self)
                     ^^^^^^^^^^^^^^^^^^^^^^^^^^^^^^^^^^^^^^^^^^^^^^^^^^^^^^^^^^^^^^^^^^^^^
pydantic_core._pydantic_core.ValidationError: 2 validation errors for CustomerDetails
customer_id
  String should have at least 3 characters [type=string_too_short, input_value='1', input_type=str]
    For further information visit https://errors.pydantic.dev/2.13/v/string_too_short
customer_phone
  String should have at most 10 characters [type=string_too_long, input_value='06378066951', input_type=str]
    For further information visit https://errors.pydantic.dev/2.13/v/string_too_long
