[2026-09-29 22:41:35,669] 261 main -INFO -Home page accessed...
[2026-09-29 22:42:53,332] 2304 main -ERROR -Nearby pharmacy search failed for user 1
Traceback (most recent call last):
  File "C:\venvs\sanjeevani\Lib\site-packages\mysql\connector\connection_cext.py", line 772, in cmd_query
    self._cmysql.query(
_mysql_connector.MySQLInterfaceError: Table 'sanjeevani_clinic.pharmacies' doesn't exist

The above exception was the direct cause of the following exception:

Traceback (most recent call last):
  File "C:\Users\khush\OneDrive\Desktop\workshop\main.py", line 2287, in find_nearby_pharmacies
    pharmacies = get_nearby_pharmacies(
                 ^^^^^^^^^^^^^^^^^^^^^^
  File "C:\Users\khush\OneDrive\Desktop\workshop\src\database\pharmacy_repository.py", line 189, in get_nearby_pharmacies
    cursor.execute(
  File "C:\venvs\sanjeevani\Lib\site-packages\mysql\connector\cursor_cext.py", line 353, in execute
    self._connection.cmd_query(
  File "C:\venvs\sanjeevani\Lib\site-packages\mysql\connector\opentelemetry\context_propagation.py", line 97, in wrapper
    return method(cnx, *args, **kwargs)
           ^^^^^^^^^^^^^^^^^^^^^^^^^^^^
  File "C:\venvs\sanjeevani\Lib\site-packages\mysql\connector\connection_cext.py", line 781, in cmd_query
    raise get_mysql_exception(
mysql.connector.errors.ProgrammingError: 1146 (42S02): Table 'sanjeevani_clinic.pharmacies' doesn't exist
