[2026-09-24 18:54:50,278] 225 main -INFO -Home page accessed...
[2026-09-24 18:55:20,507] 1013 main -INFO -Appointment 17 created for user 1
[2026-09-24 18:55:20,508] 1156 main -ERROR -Cashfree appointment payment initialization failed
Traceback (most recent call last):
  File "C:\Users\khush\OneDrive\Desktop\workshop\main.py", line 1068, in book_appointment
    cashfree_order = create_cashfree_order(
                     ^^^^^^^^^^^^^^^^^^^^^^
  File "C:\Users\khush\OneDrive\Desktop\workshop\src\payment\cashfree_service.py", line 89, in create_cashfree_order
    customer_details = CustomerDetails(
                       ^^^^^^^^^^^^^^^^
  File "C:\Users\khush\OneDrive\Desktop\workshop\venv\Lib\site-packages\pydantic\main.py", line 263, in __init__
    validated_self = self.__pydantic_validator__.validate_python(data, self_instance=self)
                     ^^^^^^^^^^^^^^^^^^^^^^^^^^^^^^^^^^^^^^^^^^^^^^^^^^^^^^^^^^^^^^^^^^^^^
pydantic_core._pydantic_core.ValidationError: 2 validation errors for CustomerDetails
customer_id
  String should have at least 3 characters [type=string_too_short, input_value='1', input_type=str]
    For further information visit https://errors.pydantic.dev/2.13/v/string_too_short
customer_phone
  String should have at most 10 characters [type=string_too_long, input_value='06378066951', input_type=str]
    For further information visit https://errors.pydantic.dev/2.13/v/string_too_long
