[2026-10-06 13:33:04,888] 271 main -INFO -Home page accessed...
[2026-10-06 13:33:11,980] 576 main -INFO -Predict form page accessed.....
[2026-10-06 13:33:32,887] 607 main -INFO -Screening request received from user 1
[2026-10-06 13:33:32,907] 76 src.pipeline.predict_pipeline -INFO -Loading Model and Preprocessor
[2026-10-06 13:33:33,359] 91 src.pipeline.predict_pipeline -INFO -Prediction completed: Negative, confidence_score = 77.45
[2026-10-06 13:33:33,360] 644 main -ERROR -Screening error
Traceback (most recent call last):
  File "C:\Users\khush\OneDrive\Desktop\workshop\main.py", line 623, in predict_data
    return templates.TemplateResponse(
           ^^^^^^^^^^^^^^^^^^^^^^^^^^^
  File "C:\Users\khush\OneDrive\Desktop\workshop\venv\Lib\site-packages\starlette\templating.py", line 148, in TemplateResponse
    template = self.get_template(name)
               ^^^^^^^^^^^^^^^^^^^^^^^
  File "C:\Users\khush\OneDrive\Desktop\workshop\venv\Lib\site-packages\starlette\templating.py", line 115, in get_template
    return self.env.get_template(name)
           ^^^^^^^^^^^^^^^^^^^^^^^^^^^
  File "C:\Users\khush\OneDrive\Desktop\workshop\venv\Lib\site-packages\jinja2\environment.py", line 1016, in get_template
    return self._load_template(name, globals)
           ^^^^^^^^^^^^^^^^^^^^^^^^^^^^^^^^^^
  File "C:\Users\khush\OneDrive\Desktop\workshop\venv\Lib\site-packages\jinja2\environment.py", line 975, in _load_template
    template = self.loader.load(self, name, self.make_globals(globals))
               ^^^^^^^^^^^^^^^^^^^^^^^^^^^^^^^^^^^^^^^^^^^^^^^^^^^^^^^^
  File "C:\Users\khush\OneDrive\Desktop\workshop\venv\Lib\site-packages\jinja2\loaders.py", line 126, in load
    source, filename, uptodate = self.get_source(environment, name)
                                 ^^^^^^^^^^^^^^^^^^^^^^^^^^^^^^^^^^
  File "C:\Users\khush\OneDrive\Desktop\workshop\venv\Lib\site-packages\jinja2\loaders.py", line 209, in get_source
    raise TemplateNotFound(
jinja2.exceptions.TemplateNotFound: 'result.html' not found in search path: 'templates'
[2026-10-06 13:36:37,539] 607 main -INFO -Screening request received from user 1
[2026-10-06 13:36:37,563] 76 src.pipeline.predict_pipeline -INFO -Loading Model and Preprocessor
[2026-10-06 13:36:37,622] 91 src.pipeline.predict_pipeline -INFO -Prediction completed: Negative, confidence_score = 77.45
[2026-10-06 13:36:47,089] 576 main -INFO -Predict form page accessed.....
[2026-10-06 13:36:56,037] 607 main -INFO -Screening request received from user 1
[2026-10-06 13:36:56,038] 76 src.pipeline.predict_pipeline -INFO -Loading Model and Preprocessor
[2026-10-06 13:36:56,059] 91 src.pipeline.predict_pipeline -INFO -Prediction completed: Negative, confidence_score = 81.52
[2026-10-06 13:37:23,121] 576 main -INFO -Predict form page accessed.....
[2026-10-06 13:38:19,726] 271 main -INFO -Home page accessed...
[2026-10-06 13:38:27,778] 576 main -INFO -Predict form page accessed.....
